Nothing to build in platform 'ADC_interface_low_HZ'

18:07:08 **** Incremental Build of configuration Debug for project ADC_interface_low_HZ_sysetem ****
make all 
'Building file: ../src/main.c'
'Invoking: MicroBlaze gcc compiler'
mb-gcc -Wall -O0 -g3 -c -fmessage-length=0 -MT"src/main.o" -IC:/Users/owenm/OneDrive/Documents/programming/Verilog/ADC_interface_low_HZ/ADC_interface_low_HZ.vitus/ADC_interface_low_HZ/export/ADC_interface_low_HZ/sw/ADC_interface_low_HZ/standalone_domain/bspinclude/include -mlittle-endian -mcpu=v11.0 -mxl-soft-mul -Wl,--no-relax -ffunction-sections -fdata-sections -MMD -MP -MF"src/main.d" -MT"src/main.o" -o "src/main.o" "../src/main.c"
'Finished building: ../src/main.c'
' '
'Building target: ADC_interface_low_HZ_sysetem.elf'
'Invoking: MicroBlaze gcc linker'
mb-gcc -Wl,-T -Wl,../src/lscript.ld -LC:/Users/owenm/OneDrive/Documents/programming/Verilog/ADC_interface_low_HZ/ADC_interface_low_HZ.vitus/ADC_interface_low_HZ/export/ADC_interface_low_HZ/sw/ADC_interface_low_HZ/standalone_domain/bsplib/lib -mlittle-endian -mcpu=v11.0 -mxl-soft-mul -Wl,--no-relax -Wl,--gc-sections -o "ADC_interface_low_HZ_sysetem.elf"  ./src/main.o   -Wl,--start-group,-lxil,-lgcc,-lc,--end-group
'Finished building target: ADC_interface_low_HZ_sysetem.elf'
' '
'Invoking: MicroBlaze Print Size'
mb-size ADC_interface_low_HZ_sysetem.elf  |tee "ADC_interface_low_HZ_sysetem.elf.size"
   text	   data	    bss	    dec	    hex	filename
  13720	    336	   3112	  17168	   4310	ADC_interface_low_HZ_sysetem.elf
'Finished building: ADC_interface_low_HZ_sysetem.elf.size'
' '
18:07:09 **** Incremental Build of configuration Debug for project ADC_interface_low_HZ_sysetem_system ****
make all 
Skipping SD card image generation. Reason: "The system project only has applications for microblaze processors."
