16:18:53 **** Incremental Build of configuration Debug for project final_rev_low_hz ****
make all 
'Building file: ../src/main.c'
'Invoking: MicroBlaze gcc compiler'
mb-gcc -Wall -O0 -g3 -c -fmessage-length=0 -MT"src/main.o" -IC:/Users/owenm/OneDrive/Documents/programming/Verilog/ADC_interface_low_HZ/ADC_interface_low_HZ_final.vitus/final_rev/export/final_rev/sw/final_rev/standalone_domain/bspinclude/include -mlittle-endian -mcpu=v11.0 -mxl-soft-mul -Wl,--no-relax -ffunction-sections -fdata-sections -MMD -MP -MF"src/main.d" -MT"src/main.o" -o "src/main.o" "../src/main.c"
'Finished building: ../src/main.c'
' '
'Building target: final_rev_low_hz.elf'
'Invoking: MicroBlaze gcc linker'
mb-gcc -Wl,-T -Wl,../src/lscript.ld -LC:/Users/owenm/OneDrive/Documents/programming/Verilog/ADC_interface_low_HZ/ADC_interface_low_HZ_final.vitus/final_rev/export/final_rev/sw/final_rev/standalone_domain/bsplib/lib -mlittle-endian -mcpu=v11.0 -mxl-soft-mul -Wl,--no-relax -Wl,--gc-sections -o "final_rev_low_hz.elf"  ./src/main.o   -Wl,--start-group,-lxil,-lgcc,-lc,--end-group
'Finished building target: final_rev_low_hz.elf'
' '
'Invoking: MicroBlaze Print Size'
mb-size final_rev_low_hz.elf  |tee "final_rev_low_hz.elf.size"
   text	   data	    bss	    dec	    hex	filename
  16244	    532	   3448	  20224	   4f00	final_rev_low_hz.elf
'Finished building: final_rev_low_hz.elf.size'
' '

16:18:54 Build Finished (took 986ms)

