#-----------------------------------------------------------
# Vivado v2022.1 (64-bit)
# SW Build 3526262 on Mon Apr 18 15:48:16 MDT 2022
# IP Build 3524634 on Mon Apr 18 20:55:01 MDT 2022
# Start of session at: Sun Aug 14 19:36:38 2022
# Process ID: 23356
# Current directory: C:/Users/owenm/Programming/Verilog/ADC_interface_low_HZ/ADC_interface_low_HZ.runs/design_1_GPIO_Timer_0_0_synth_1
# Command line: vivado.exe -log design_1_GPIO_Timer_0_0.vds -product Vivado -mode batch -messageDb vivado.pb -notrace -source design_1_GPIO_Timer_0_0.tcl
# Log file: C:/Users/owenm/Programming/Verilog/ADC_interface_low_HZ/ADC_interface_low_HZ.runs/design_1_GPIO_Timer_0_0_synth_1/design_1_GPIO_Timer_0_0.vds
# Journal file: C:/Users/owenm/Programming/Verilog/ADC_interface_low_HZ/ADC_interface_low_HZ.runs/design_1_GPIO_Timer_0_0_synth_1\vivado.jou
# Running On: LAPTOP-TULRS7V0, OS: Windows, CPU Frequency: 2688 MHz, CPU Physical cores: 14, Host memory: 16857 MB
#-----------------------------------------------------------
source design_1_GPIO_Timer_0_0.tcl -notrace
